6 8 38 8 2 0 22 6 14 14
15 20 95 20 5 0 55 15 35 35
9 12 57 12 3 0 33 9 21 21
0 0 0 0 0 0 0 0 0 0
33 44 209 44 11 0 121 33 77 77
